# Phase K Wave 20 — Vasquez QA flip-script dry-run capture
# Command: bash tests/ci/lane-discipline-flip-required.sh --dry-run
# Branch:  stlong/phase-k-wave-20-bringup
# Author:  Vasquez (QA)
# Purpose: Evidence archive for §4.8 Stephen-decision tree (branch-
#          protection enforcement flip) at W20 close.
#
# §4.8 status at W20 close: UNCHANGED.  12-wave deferral arc (W7 → W20)
# continues.  Stephen has NOT selected an Option (A: minimal — require
# PR only; B: standard — PR + status checks + reviews; C: strict —
# Option B + signed commits + admins + linear history).  See
# docs/agent-handoff-protocol.md §4.8 + Vasquez W20 inbox memo §2.2
# for full status capture.
#
# Tool dependency note: the flip script invokes the GitHub branch-
# protection REST API and parses the response with `jq`.  On the W20
# Vasquez bring-up environment, `jq` is not on PATH, so the script
# exits with status 2 before executing the dry-run plan.  This is
# captured below verbatim for audit trail (same posture as W18 / W19).
#
# ── stderr ─────────────────────────────────────────────────────────
ERR: jq not on PATH. The script uses jq for response parsing.
exit=2
# ── end ────────────────────────────────────────────────────────────
# Net §4.8 disposition: NO CHANGE.  Stephen-decision still open;
# enforcement flip remains deferred.  Re-prompt at W21.
#
# Cross-references:
#   - docs/agent-handoff-protocol.md §4.8 — Stephen-decision tree
#   - .work/vasquez-w19-safe/flip-script-dryrun-w19.log — W19 capture
#   - .squad/decisions/inbox/vasquez-phase-k-wave-20.md §2.2 — memo
